com\cs\myfirst\owlapi\Features\BoilerplateCode\CommonFramework.class
com\cs\myfirst\owlapi\Features\BoilerplateCode\Util.class
owl\cs\myfirst\owlapi\Features\ClassExpressionAxiomsCategory.class
com\cs\myfirst\owlapi\Features\BoilerplateCode\TextFileProcessor.class
owl\cs\myfirst\owlapi\Features\ObjectPropertyRestrictinoCategory.class
owl\cs\myfirst\owlapi\Features\DataPropertyAxiomsCategory.class
owl\cs\myfirst\owlapi\Features\DataRangesCategory.class
owl\cs\myfirst\owlapi\Reasoners.class
owl\cs\myfirst\owlapi\Generator\ClassPool.class
owl\cs\myfirst\owlapi\WriteAxiomsFromOwlApi.class
owl\cs\myfirst\owlapi\Features\ObjectPropertyAxiomCategory.class
com\cs\myfirst\owlapi\Features\BoilerplateCode\FilenameConstructMapping.class
com\cs\myfirst\owlapi\Features\BoilerplateCode\LastDance.class
owl\cs\myfirst\owlapi\Demo2.class
owl\cs\myfirst\owlapi\Generator\ResourcePool.class
owl\cs\myfirst\owlapi\Features\AssertionCategory.class
owl\cs\myfirst\owlapi\Features\ClassEnumerationcategory.class
owl\cs\myfirst\owlapi\app.class
owl\cs\myfirst\owlapi\Generator\FeaturePool.class
owl\cs\myfirst\owlapi\Features\DataPropertyRestrictionCategory.class
owl\cs\myfirst\owlapi\Generator\PropertyPool.class
