D:\IIITD\Monsoon2021\IP\owl2bench\src\main\java\owl\cs\myfirst\owlapi\Features\DataPropertyAxiomsCategory.java
D:\IIITD\Monsoon2021\IP\owl2bench\src\main\java\owl\cs\myfirst\owlapi\Demo2.java
D:\IIITD\Monsoon2021\IP\owl2bench\src\main\java\owl\cs\myfirst\owlapi\app.java
D:\IIITD\Monsoon2021\IP\owl2bench\src\main\java\owl\cs\myfirst\owlapi\Features\ObjectPropertyRestrictinoCategory.java
D:\IIITD\Monsoon2021\IP\owl2bench\src\main\java\owl\cs\myfirst\owlapi\Generator\PropertyPool.java
D:\IIITD\Monsoon2021\IP\owl2bench\src\main\java\com\cs\myfirst\owlapi\Features\BoilerplateCode\FilenameConstructMapping.java
D:\IIITD\Monsoon2021\IP\owl2bench\src\main\java\owl\cs\myfirst\owlapi\Features\DataRangesCategory.java
D:\IIITD\Monsoon2021\IP\owl2bench\src\main\java\com\cs\myfirst\owlapi\Features\BoilerplateCode\LastDance.java
D:\IIITD\Monsoon2021\IP\owl2bench\src\main\java\com\cs\myfirst\owlapi\Features\BoilerplateCode\TextFileProcessor.java
D:\IIITD\Monsoon2021\IP\owl2bench\src\main\java\com\cs\myfirst\owlapi\Features\BoilerplateCode\Util.java
D:\IIITD\Monsoon2021\IP\owl2bench\src\main\java\com\cs\myfirst\owlapi\Features\BoilerplateCode\CommonFramework.java
D:\IIITD\Monsoon2021\IP\owl2bench\src\main\java\owl\cs\myfirst\owlapi\Generator\ResourcePool.java
D:\IIITD\Monsoon2021\IP\owl2bench\src\main\java\owl\cs\myfirst\owlapi\Features\ClassEnumerationcategory.java
D:\IIITD\Monsoon2021\IP\owl2bench\src\main\java\owl\cs\myfirst\owlapi\Features\ClassExpressionAxiomsCategory.java
D:\IIITD\Monsoon2021\IP\owl2bench\src\main\java\owl\cs\myfirst\owlapi\Features\DataPropertyRestrictionCategory.java
D:\IIITD\Monsoon2021\IP\owl2bench\src\main\java\owl\cs\myfirst\owlapi\Reasoners.java
D:\IIITD\Monsoon2021\IP\owl2bench\src\main\java\owl\cs\myfirst\owlapi\Features\ObjectPropertyAxiomCategory.java
D:\IIITD\Monsoon2021\IP\owl2bench\src\main\java\owl\cs\myfirst\owlapi\WriteAxiomsFromOwlApi.java
D:\IIITD\Monsoon2021\IP\owl2bench\src\main\java\owl\cs\myfirst\owlapi\Generator\ClassPool.java
D:\IIITD\Monsoon2021\IP\owl2bench\src\main\java\owl\cs\myfirst\owlapi\Features\AssertionCategory.java
D:\IIITD\Monsoon2021\IP\owl2bench\src\main\java\owl\cs\myfirst\owlapi\Generator\FeaturePool.java
